Error: Number of hashes does not match nhashes.


