Ident: e370a823bf279694ddb22af800dcaad9e498ccb8bdf538905537f2f03ccd7965e0dac82751c8968fbb6ae6a126e905ee5b813b88c506b9564b021b3412d17cfc78db353fa455dab16c4777b899a059cc1974fb49f9fc4ada611d9d62603b9f7b9ff8a319d051b2b14cfd95ff52ae229b193bc44959a0b51f20cb5cbae59072b8be3837180c8c19b3a8ff4aa2f3375ef1d390aa8b607892b3aa3e4d1404b52a6fdff8a7307a81c447e7534674a2adc0ca0c2a35abf3cb7025888cef191b6eb28bea52f0de399a9cf148e27fb9a1754f1296486169af34b35fb3222dbcf223135a9a20b8968da30f3b35d52921b44d7a704a0f2a5a7fe7f1226f7889a4de14885c25c5f1f61dd0ef24f9d737b05c5e5aa7f6cf8c5993982bc1499704861d467ed65a5d6b6fef70a42edb6efe40b862648bee849e37db77f96c4ca4ae456b7dff8dd116f4ddf54eeab365704b5a6c75c02913008dd72261c1436b3a695d5c21c5bd8be08b8bdecaf0d5b00195ef110e6bbe69ff57a256c46991a923e12023e8e9653548cea1475a0fba8de7e0703582ef714b91942db87b726ff46e4de827a1612accb50e2b696dbcca038507d3e74486e42a928bde44bf0791a26b93e7a2b2896b3fdbab9ef4dfc60686119f83135adb50a2c4d52cafc66cce3e0cd80fc5991e9b050eb2a526b837665623f22b8b499d49347e72398e1b571be4ed608ebc749cd
Filename: file2.data
Size: 1048576
Nhashes: 5
0: b177eaa8156391eb1834022666e571c09a527463d65ffa11c5b758e6fe72d9f9
1: 34d555731274f2179cad42ad3c2f991901964365ae766aaba0cae88b6fbd6837
2: 52fe1187d34c74ccb657f211562c01ce8b927bacc952a93dafba3a56d0ed29f2
3: d39cc2e4cd5fbd12f02cc3aa5c4a5b5acabeaff05b90d96e0f1146d7eb32d948
4: 0b3c5b3cb770cc33d192d6a3bea451eac2949278fc30b34e678a4428de2d651f
Nchunks: 5
Chunk 0: Hash = a109cad909a42cab544b8f5729ea1b81f84e50b4f19cad8be41c6e11395128bf, Offset = 1028096, Size = 4096
Chunk 1: Hash = c86a68d7ea86a6041a506e91eb9debae107ba93e4e1e84d6c1953992970b670e, Offset = 1032192, Size = 4096
Chunk 2: Hash = 16ef5cf56cafc70ccf9487bc881783b476a5dbc808c4053a6c85f37df7415794, Offset = 1036288, Size = 4096
Chunk 3: Hash = 7ec3cfddcd7ddd9a5244133f8c8f2dfb7e7379ce57baa3f3cea881cf2bc23f79, Offset = 1040384, Size = 4096
Chunk 4: Hash = 4fd39f76053531c8c168c8a677aa771bdd71982db1f147e1da0a8029e9b99ce1, Offset = 1044480, Size = 4096
Show package loaded.
Success: File loaded and processed successfully.

Error: Invalid filename. The program has stopped running.

