Error: Identifier exceeds the maximum length of 1024 characters.
